============================= test session starts =============================
platform win32 -- Python 3.12.4, pytest-9.0.0, pluggy-1.6.0
rootdir: C:\dev\RAGdoll
configfile: pytest.ini
plugins: anyio-4.4.0, langsmith-0.4.42
collected 3 items / 1 error

=================================== ERRORS ====================================
______________ ERROR collecting tests/test_graph_persistence.py _______________
ImportError while importing test module 'C:\dev\RAGdoll\tests\test_graph_persistence.py'.
Hint: make sure your test modules/packages have valid Python names.
Traceback:
C:\Users\nsast\AppData\Local\Programs\Python\Python312\Lib\importlib\__init__.py:90: in import_module
    return _bootstrap._gcd_import(name[level:], package, level)
           ^^^^^^^^^^^^^^^^^^^^^^^^^^^^^^^^^^^^^^^^^^^^^^^^^^^^
tests\test_graph_persistence.py:6: in <module>
    from ragdoll.entity_extraction.graph_persistence import (
E   ImportError: cannot import name 'SimpleGraphRetriever' from 'ragdoll.entity_extraction.graph_persistence' (C:\dev\RAGdoll\ragdoll\entity_extraction\graph_persistence.py). Did you mean: 'GraphRetriever'?
============================== warnings summary ===============================
..\ai\.venv\Lib\site-packages\_pytest\config\__init__.py:1397
  c:\dev\ai\.venv\Lib\site-packages\_pytest\config\__init__.py:1397: PytestConfigWarning: Unknown config option: asyncio_mode
  
    self._warn_or_fail_if_strict(f"Unknown config option: {key}\n")

-- Docs: https://docs.pytest.org/en/stable/how-to/capture-warnings.html
=========================== short test summary info ===========================
ERROR tests/test_graph_persistence.py
!!!!!!!!!!!!!!!!!!! Interrupted: 1 error during collection !!!!!!!!!!!!!!!!!!!!
========================= 1 warning, 1 error in 0.67s =========================
